{
    "-profile test": {
        "content": [
            {
                "FASTQC": {
                    "fastqc": "0.12.1"
                },
                "GUIDE_ASSIGN": {
                    "python": "3.8.18"
                },
                "GUIDE_COUNT": {
                    "kallistobustools": "0.28.2"
                },
                "GUIDE_INDEX": {
                    "kallistobustools": "0.28.2"
                },
                "KALLISTOBUSTOOLS_COUNT": {
                    "kallistobustools": "0.28.2"
                },
                "KALLISTOBUSTOOLS_REF": {
                    "kallistobustools": "0.28.2"
                },
                "TO_ALIVE_H5AD": {
                    "anndata": "0.9.2"
                },
                "Workflow": {
                    "jam-sudo/ngspipeline": "v0.1.0dev"
                }
            },
            [
                "alive",
                "alive/replogle_k562_lane4_test.h5ad",
                "counts",
                "counts/replogle_k562_lane4_test",
                "counts/replogle_k562_lane4_test/10x_version3_whitelist.txt",
                "counts/replogle_k562_lane4_test/counts_filtered",
                "counts/replogle_k562_lane4_test/counts_filtered/cells_x_genes.barcodes.txt",
                "counts/replogle_k562_lane4_test/counts_filtered/cells_x_genes.genes.names.txt",
                "counts/replogle_k562_lane4_test/counts_filtered/cells_x_genes.genes.txt",
                "counts/replogle_k562_lane4_test/counts_filtered/cells_x_genes.mtx",
                "counts/replogle_k562_lane4_test/counts_unfiltered",
                "counts/replogle_k562_lane4_test/counts_unfiltered/cells_x_genes.barcodes.txt",
                "counts/replogle_k562_lane4_test/counts_unfiltered/cells_x_genes.genes.names.txt",
                "counts/replogle_k562_lane4_test/counts_unfiltered/cells_x_genes.genes.txt",
                "counts/replogle_k562_lane4_test/counts_unfiltered/cells_x_genes.mtx",
                "counts/replogle_k562_lane4_test/filter_barcodes.txt",
                "counts/replogle_k562_lane4_test/inspect.json",
                "counts/replogle_k562_lane4_test/kb_info.json",
                "counts/replogle_k562_lane4_test/matrix.ec",
                "counts/replogle_k562_lane4_test/output.bus",
                "counts/replogle_k562_lane4_test/output.filtered.bus",
                "counts/replogle_k562_lane4_test/output.unfiltered.bus",
                "counts/replogle_k562_lane4_test/run_info.json",
                "counts/replogle_k562_lane4_test/transcripts.txt",
                "fastqc",
                "fastqc/replogle_k562_lane4_test_gex_1_fastqc.html",
                "fastqc/replogle_k562_lane4_test_gex_1_fastqc.zip",
                "fastqc/replogle_k562_lane4_test_gex_2_fastqc.html",
                "fastqc/replogle_k562_lane4_test_gex_2_fastqc.zip",
                "fastqc/replogle_k562_lane4_test_guide_1_fastqc.html",
                "fastqc/replogle_k562_lane4_test_guide_1_fastqc.zip",
                "fastqc/replogle_k562_lane4_test_guide_2_fastqc.html",
                "fastqc/replogle_k562_lane4_test_guide_2_fastqc.zip",
                "guides",
                "guides/replogle_k562_lane4_test",
                "guides/replogle_k562_lane4_test/10x_fb_whitelist.txt",
                "guides/replogle_k562_lane4_test/10x_feature_barcode_map.txt",
                "guides/replogle_k562_lane4_test/assignment.tsv",
                "guides/replogle_k562_lane4_test/assignment_summary.tsv",
                "guides/replogle_k562_lane4_test/counts_unfiltered",
                "guides/replogle_k562_lane4_test/counts_unfiltered/adata.h5ad",
                "guides/replogle_k562_lane4_test/counts_unfiltered/cells_x_features.barcodes.txt",
                "guides/replogle_k562_lane4_test/counts_unfiltered/cells_x_features.genes.names.txt",
                "guides/replogle_k562_lane4_test/counts_unfiltered/cells_x_features.genes.txt",
                "guides/replogle_k562_lane4_test/counts_unfiltered/cells_x_features.mtx",
                "guides/replogle_k562_lane4_test/guide_counts.h5ad",
                "guides/replogle_k562_lane4_test/inspect.json",
                "guides/replogle_k562_lane4_test/kb_info.json",
                "guides/replogle_k562_lane4_test/matrix.ec",
                "guides/replogle_k562_lane4_test/output.bus",
                "guides/replogle_k562_lane4_test/output.unfiltered.bus",
                "guides/replogle_k562_lane4_test/replogle_k562_lane4_test_guide_assignment_generalstats_mqc.tsv",
                "guides/replogle_k562_lane4_test/replogle_k562_lane4_test_guide_assignment_mqc.tsv",
                "guides/replogle_k562_lane4_test/run_info.json",
                "guides/replogle_k562_lane4_test/transcripts.txt",
                "multiqc",
                "multiqc/multiqc_data",
                "multiqc/multiqc_data/fastqc-status-check-heatmap.txt",
                "multiqc/multiqc_data/fastqc_adapter_content_plot.txt",
                "multiqc/multiqc_data/fastqc_overrepresented_sequences_plot.txt",
                "multiqc/multiqc_data/fastqc_per_base_n_content_plot.txt",
                "multiqc/multiqc_data/fastqc_per_base_sequence_quality_plot.txt",
                "multiqc/multiqc_data/fastqc_per_sequence_gc_content_plot_Counts.txt",
                "multiqc/multiqc_data/fastqc_per_sequence_gc_content_plot_Percentages.txt",
                "multiqc/multiqc_data/fastqc_per_sequence_quality_scores_plot.txt",
                "multiqc/multiqc_data/fastqc_sequence_counts_plot.txt",
                "multiqc/multiqc_data/fastqc_sequence_duplication_levels_plot.txt",
                "multiqc/multiqc_data/fastqc_top_overrepresented_sequences_table.txt",
                "multiqc/multiqc_data/llms-full.txt",
                "multiqc/multiqc_data/multiqc.log",
                "multiqc/multiqc_data/multiqc.parquet",
                "multiqc/multiqc_data/multiqc_citations.txt",
                "multiqc/multiqc_data/multiqc_data.json",
                "multiqc/multiqc_data/multiqc_fastqc.txt",
                "multiqc/multiqc_data/multiqc_general_stats.txt",
                "multiqc/multiqc_data/multiqc_guide_assignment_status.txt",
                "multiqc/multiqc_data/multiqc_kb_quant_table.txt",
                "multiqc/multiqc_data/multiqc_software_versions.txt",
                "multiqc/multiqc_data/multiqc_sources.txt",
                "multiqc/multiqc_plots",
                "multiqc/multiqc_plots/pdf",
                "multiqc/multiqc_plots/pdf/fastqc-status-check-heatmap.pdf",
                "multiqc/multiqc_plots/pdf/fastqc_adapter_content_plot.pdf",
                "multiqc/multiqc_plots/pdf/fastqc_overrepresented_sequences_plot.pdf",
                "multiqc/multiqc_plots/pdf/fastqc_per_base_n_content_plot.pdf",
                "multiqc/multiqc_plots/pdf/fastqc_per_base_sequence_quality_plot.pdf",
                "multiqc/multiqc_plots/pdf/fastqc_per_sequence_gc_content_plot_Counts.pdf",
                "multiqc/multiqc_plots/pdf/fastqc_per_sequence_gc_content_plot_Percentages.pdf",
                "multiqc/multiqc_plots/pdf/fastqc_per_sequence_quality_scores_plot.pdf",
                "multiqc/multiqc_plots/pdf/fastqc_sequence_counts_plot-cnt.pdf",
                "multiqc/multiqc_plots/pdf/fastqc_sequence_counts_plot-pct.pdf",
                "multiqc/multiqc_plots/pdf/fastqc_sequence_duplication_levels_plot.pdf",
                "multiqc/multiqc_plots/pdf/fastqc_top_overrepresented_sequences_table.pdf",
                "multiqc/multiqc_plots/pdf/guide_assignment_status-cnt.pdf",
                "multiqc/multiqc_plots/pdf/guide_assignment_status-pct.pdf",
                "multiqc/multiqc_plots/pdf/kb_quant_table.pdf",
                "multiqc/multiqc_plots/png",
                "multiqc/multiqc_plots/png/fastqc-status-check-heatmap.png",
                "multiqc/multiqc_plots/png/fastqc_adapter_content_plot.png",
                "multiqc/multiqc_plots/png/fastqc_overrepresented_sequences_plot.png",
                "multiqc/multiqc_plots/png/fastqc_per_base_n_content_plot.png",
                "multiqc/multiqc_plots/png/fastqc_per_base_sequence_quality_plot.png",
                "multiqc/multiqc_plots/png/fastqc_per_sequence_gc_content_plot_Counts.png",
                "multiqc/multiqc_plots/png/fastqc_per_sequence_gc_content_plot_Percentages.png",
                "multiqc/multiqc_plots/png/fastqc_per_sequence_quality_scores_plot.png",
                "multiqc/multiqc_plots/png/fastqc_sequence_counts_plot-cnt.png",
                "multiqc/multiqc_plots/png/fastqc_sequence_counts_plot-pct.png",
                "multiqc/multiqc_plots/png/fastqc_sequence_duplication_levels_plot.png",
                "multiqc/multiqc_plots/png/fastqc_top_overrepresented_sequences_table.png",
                "multiqc/multiqc_plots/png/guide_assignment_status-cnt.png",
                "multiqc/multiqc_plots/png/guide_assignment_status-pct.png",
                "multiqc/multiqc_plots/png/kb_quant_table.png",
                "multiqc/multiqc_plots/svg",
                "multiqc/multiqc_plots/svg/fastqc-status-check-heatmap.svg",
                "multiqc/multiqc_plots/svg/fastqc_adapter_content_plot.svg",
                "multiqc/multiqc_plots/svg/fastqc_overrepresented_sequences_plot.svg",
                "multiqc/multiqc_plots/svg/fastqc_per_base_n_content_plot.svg",
                "multiqc/multiqc_plots/svg/fastqc_per_base_sequence_quality_plot.svg",
                "multiqc/multiqc_plots/svg/fastqc_per_sequence_gc_content_plot_Counts.svg",
                "multiqc/multiqc_plots/svg/fastqc_per_sequence_gc_content_plot_Percentages.svg",
                "multiqc/multiqc_plots/svg/fastqc_per_sequence_quality_scores_plot.svg",
                "multiqc/multiqc_plots/svg/fastqc_sequence_counts_plot-cnt.svg",
                "multiqc/multiqc_plots/svg/fastqc_sequence_counts_plot-pct.svg",
                "multiqc/multiqc_plots/svg/fastqc_sequence_duplication_levels_plot.svg",
                "multiqc/multiqc_plots/svg/fastqc_top_overrepresented_sequences_table.svg",
                "multiqc/multiqc_plots/svg/guide_assignment_status-cnt.svg",
                "multiqc/multiqc_plots/svg/guide_assignment_status-pct.svg",
                "multiqc/multiqc_plots/svg/kb_quant_table.svg",
                "multiqc/multiqc_report.html",
                "pipeline_info",
                "pipeline_info/ngspipeline_software_mqc_versions.yml",
                "reference",
                "reference/guide_index",
                "reference/guide_index/feature_map.tsv",
                "reference/guide_index/features.tsv",
                "reference/guide_index/kite.idx",
                "reference/guide_index/mismatch.fa",
                "reference/guide_index/t2g.txt",
                "reference/kb_index",
                "reference/kb_index/kb_ref_out.idx",
                "reference/kb_index/t2g.txt"
            ],
            [
                "cells_x_genes.barcodes.txt:md5,5effecb6845365676a9fe1de41ae3067",
                "cells_x_genes.genes.names.txt:md5,aedfdd7a240fda46350059cae1012b2a",
                "cells_x_genes.genes.txt:md5,e6f8b480c750a55b773087559c738d34",
                "cells_x_genes.mtx:md5,a15b8ce2f4ea1eb8acb241402b6be048",
                "cells_x_genes.barcodes.txt:md5,870dfa39bb029bb29b31e20919b9751c",
                "cells_x_genes.genes.names.txt:md5,aedfdd7a240fda46350059cae1012b2a",
                "cells_x_genes.genes.txt:md5,e6f8b480c750a55b773087559c738d34",
                "cells_x_genes.mtx:md5,233aef3b949ac8f7d1d43dcbdce8fb7f",
                "filter_barcodes.txt:md5,087ec8298103b58493243c92ffd8972f",
                "transcripts.txt:md5,e39d18882a7d6d97c619dd9748ae5a6d",
                "10x_fb_whitelist.txt:md5,1f2b4ba8a6fcfacf6dcf165ce09e974d",
                "10x_feature_barcode_map.txt:md5,e18354644b3512f71533e7b5c494c698",
                "assignment.tsv:md5,011b9f40afe27372deb1fbc25024acf9",
                "assignment_summary.tsv:md5,c0b89671c451034a3b3a524d5197703f",
                "adata.h5ad:md5,b1f12d1cffb0f35e2aedfb1e3f697481",
                "cells_x_features.barcodes.txt:md5,06b48d8dfd661d6ba6791503fc537010",
                "cells_x_features.genes.names.txt:md5,d37c3fa7318e5d13c219937cceab03a8",
                "cells_x_features.genes.txt:md5,d37c3fa7318e5d13c219937cceab03a8",
                "cells_x_features.mtx:md5,8773998c5a926a24c47873d804e096b1",
                "replogle_k562_lane4_test_guide_assignment_generalstats_mqc.tsv:md5,1c61e4eef802e3ed8cfa1543c6871af2",
                "replogle_k562_lane4_test_guide_assignment_mqc.tsv:md5,f1a9ce90763ac92e240ca0dd8cc95a59",
                "transcripts.txt:md5,fe6981b193031aea1c3585ef01fceeca",
                "fastqc-status-check-heatmap.txt:md5,85752afd740d484905a144c3690ddcb2",
                "fastqc_adapter_content_plot.txt:md5,5145dbfa8402f32e626ad26e92e7df7b",
                "fastqc_overrepresented_sequences_plot.txt:md5,13213d66c1aac94524a82f8a37b3b41b",
                "fastqc_per_base_n_content_plot.txt:md5,2899130ec312fd5b62331130db24d089",
                "fastqc_per_base_sequence_quality_plot.txt:md5,d1b1c402f9dde74ab2eb66a3aac8ac8a",
                "fastqc_per_sequence_gc_content_plot_Counts.txt:md5,b55506ee843dd02e78df11392f35c4e5",
                "fastqc_per_sequence_gc_content_plot_Percentages.txt:md5,c11e7c397c9e4c99cc6e2af137f5ee6f",
                "fastqc_per_sequence_quality_scores_plot.txt:md5,4f16f82b76524db6b520ab32b1eecdb5",
                "fastqc_sequence_counts_plot.txt:md5,e7757464c844feac60cfff9a955da0ad",
                "fastqc_sequence_duplication_levels_plot.txt:md5,b6cb81a336161a105b77e8e9d9a02a02",
                "multiqc_citations.txt:md5,4c806e63a283ec1b7e78cdae3a923d4f",
                "multiqc_fastqc.txt:md5,fd9064937a91d0f16049bee7a48b8497",
                "multiqc_general_stats.txt:md5,a1a30a7ea5d8bd2f2c687356155afaca",
                "multiqc_guide_assignment_status.txt:md5,8053235fd588d2e37eb91db1631e4da1",
                "multiqc_kb_quant_table.txt:md5,ea7bce96aa7591e42ebab22e4abb689b",
                "feature_map.tsv:md5,58d32f8270814ef2427075703ff4d415",
                "features.tsv:md5,2934e36f77298c2ef47450eeb33684f0",
                "mismatch.fa:md5,9fdfebf997bcc24e3fc1a69c45eb6379",
                "t2g.txt:md5,5706cb2a8d2ca3ffa3fd9edbc1654af5",
                "t2g.txt:md5,2755669b712f8f7f3bef31ebb2060674"
            ],
            {
                "cells": 119,
                "genes": 200,
                "nnz": 15046,
                "guide_barcodes": 172,
                "guide_features": 108,
                "guide_nnz": 290
            }
        ],
        "timestamp": "2026-09-15T22:25:12.067832",
        "meta": {
            "nf-test": "0.9.5",
            "nextflow": "26.04.6"
        }
    }
}